Archive member included to satisfy reference by file (symbol)

c:/program files (x86)/gnu arm embedded toolchain/10 2021.10/bin/../lib/gcc/arm-none-eabi/10.3.1/thumb/v8-m.main+fp/hard\libgcc.a(_aeabi_ldivmod.o)
                              ./ra/fsp/src/r_sci_uart/r_sci_uart.o (__aeabi_ldivmod)
c:/program files (x86)/gnu arm embedded toolchain/10 2021.10/bin/../lib/gcc/arm-none-eabi/10.3.1/thumb/v8-m.main+fp/hard\libgcc.a(_udivmoddi4.o)
                              c:/program files (x86)/gnu arm embedded toolchain/10 2021.10/bin/../lib/gcc/arm-none-eabi/10.3.1/thumb/v8-m.main+fp/hard\libgcc.a(_aeabi_ldivmod.o) (__udivmoddi4)
c:/program files (x86)/gnu arm embedded toolchain/10 2021.10/bin/../lib/gcc/arm-none-eabi/10.3.1/thumb/v8-m.main+fp/hard\libgcc.a(_dvmd_tls.o)
                              c:/program files (x86)/gnu arm embedded toolchain/10 2021.10/bin/../lib/gcc/arm-none-eabi/10.3.1/thumb/v8-m.main+fp/hard\libgcc.a(_aeabi_ldivmod.o) (__aeabi_ldiv0)
c:/program files (x86)/gnu arm embedded toolchain/10 2021.10/bin/../lib/gcc/arm-none-eabi/10.3.1/../../../../arm-none-eabi/lib/thumb/v8-m.main+fp/hard\libg_nano.a(lib_a-errno.o)
                              ./ra/fsp/src/bsp/mcu/all/bsp_sbrk.o (__errno)
c:/program files (x86)/gnu arm embedded toolchain/10 2021.10/bin/../lib/gcc/arm-none-eabi/10.3.1/../../../../arm-none-eabi/lib/thumb/v8-m.main+fp/hard\libg_nano.a(lib_a-exit.o)
                              c:/program files (x86)/gnu arm embedded toolchain/10 2021.10/bin/../lib/gcc/arm-none-eabi/10.3.1/../../../../arm-none-eabi/lib/thumb/v8-m.main+fp/hard/rdimon-crt0.o (exit)
c:/program files (x86)/gnu arm embedded toolchain/10 2021.10/bin/../lib/gcc/arm-none-eabi/10.3.1/../../../../arm-none-eabi/lib/thumb/v8-m.main+fp/hard\libg_nano.a(lib_a-impure.o)
                              c:/program files (x86)/gnu arm embedded toolchain/10 2021.10/bin/../lib/gcc/arm-none-eabi/10.3.1/../../../../arm-none-eabi/lib/thumb/v8-m.main+fp/hard\libg_nano.a(lib_a-exit.o) (_global_impure_ptr)
c:/program files (x86)/gnu arm embedded toolchain/10 2021.10/bin/../lib/gcc/arm-none-eabi/10.3.1/../../../../arm-none-eabi/lib/thumb/v8-m.main+fp/hard\libg_nano.a(lib_a-init.o)
                              c:/program files (x86)/gnu arm embedded toolchain/10 2021.10/bin/../lib/gcc/arm-none-eabi/10.3.1/../../../../arm-none-eabi/lib/thumb/v8-m.main+fp/hard/rdimon-crt0.o (__libc_init_array)
c:/program files (x86)/gnu arm embedded toolchain/10 2021.10/bin/../lib/gcc/arm-none-eabi/10.3.1/../../../../arm-none-eabi/lib/thumb/v8-m.main+fp/hard\libg_nano.a(lib_a-memcpy-stub.o)
                              ./ra/fsp/src/r_sci_uart/r_sci_uart.o (memcpy)
c:/program files (x86)/gnu arm embedded toolchain/10 2021.10/bin/../lib/gcc/arm-none-eabi/10.3.1/../../../../arm-none-eabi/lib/thumb/v8-m.main+fp/hard\libg_nano.a(lib_a-memset.o)
                              c:/program files (x86)/gnu arm embedded toolchain/10 2021.10/bin/../lib/gcc/arm-none-eabi/10.3.1/../../../../arm-none-eabi/lib/thumb/v8-m.main+fp/hard/rdimon-crt0.o (memset)
c:/program files (x86)/gnu arm embedded toolchain/10 2021.10/bin/../lib/gcc/arm-none-eabi/10.3.1/../../../../arm-none-eabi/lib/thumb/v8-m.main+fp/hard\librdimon_nano.a(rdimon-syscalls.o)
                              c:/program files (x86)/gnu arm embedded toolchain/10 2021.10/bin/../lib/gcc/arm-none-eabi/10.3.1/../../../../arm-none-eabi/lib/thumb/v8-m.main+fp/hard/rdimon-crt0.o (initialise_monitor_handles)
c:/program files (x86)/gnu arm embedded toolchain/10 2021.10/bin/../lib/gcc/arm-none-eabi/10.3.1/../../../../arm-none-eabi/lib/thumb/v8-m.main+fp/hard\librdimon_nano.a(rdimon-_exit.o)
                              c:/program files (x86)/gnu arm embedded toolchain/10 2021.10/bin/../lib/gcc/arm-none-eabi/10.3.1/../../../../arm-none-eabi/lib/thumb/v8-m.main+fp/hard\libg_nano.a(lib_a-exit.o) (_exit)
c:/program files (x86)/gnu arm embedded toolchain/10 2021.10/bin/../lib/gcc/arm-none-eabi/10.3.1/../../../../arm-none-eabi/lib/thumb/v8-m.main+fp/hard\librdimon_nano.a(rdimon-_kill.o)
                              c:/program files (x86)/gnu arm embedded toolchain/10 2021.10/bin/../lib/gcc/arm-none-eabi/10.3.1/../../../../arm-none-eabi/lib/thumb/v8-m.main+fp/hard\librdimon_nano.a(rdimon-_exit.o) (_kill_shared)
c:/program files (x86)/gnu arm embedded toolchain/10 2021.10/bin/../lib/gcc/arm-none-eabi/10.3.1/../../../../arm-none-eabi/lib/thumb/v8-m.main+fp/hard\libc_nano.a(lib_a-findfp.o)
                              c:/program files (x86)/gnu arm embedded toolchain/10 2021.10/bin/../lib/gcc/arm-none-eabi/10.3.1/../../../../arm-none-eabi/lib/thumb/v8-m.main+fp/hard\librdimon_nano.a(rdimon-syscalls.o) (__sinit)
c:/program files (x86)/gnu arm embedded toolchain/10 2021.10/bin/../lib/gcc/arm-none-eabi/10.3.1/../../../../arm-none-eabi/lib/thumb/v8-m.main+fp/hard\libc_nano.a(lib_a-fwalk.o)
[...]
Memory Configuration

Name             Origin             Length             Attributes
FLASH            0x00000000         0x00080000         xr
RAM              0x20000000         0x00020000         xrw
DATA_FLASH       0x08000000         0x00002000         xr
QSPI_FLASH       0x60000000         0x04000000         xr
OSPI_DEVICE_0    0x68000000         0x00000000         xr
OSPI_DEVICE_1    0x70000000         0x00000000         xr
OSPI_DEVICE_0_RAM 0x68000000         0x00000000         xrw
OSPI_DEVICE_1_RAM 0x70000000         0x00000000         xrw
SDRAM            0x90000000         0x00000000         xrw
OPTION_SETTING   0x0100a100         0x00000100         r
OPTION_SETTING_S 0x0100a200         0x00000100         r
ID_CODE          0x00000000         0x00000000         xr
*default*        0x00000000         0xffffffff

Linker script and memory map

LOAD c:/program files (x86)/gnu arm embedded toolchain/10 2021.10/bin/../lib/gcc/arm-none-eabi/10.3.1/thumb/v8-m.main+fp/hard/crti.o
LOAD c:/program files (x86)/gnu arm embedded toolchain/10 2021.10/bin/../lib/gcc/arm-none-eabi/10.3.1/thumb/v8-m.main+fp/hard/crtbegin.o
LOAD c:/program files (x86)/gnu arm embedded toolchain/10 2021.10/bin/../lib/gcc/arm-none-eabi/10.3.1/../../../../arm-none-eabi/lib/thumb/v8-m.main+fp/hard/rdimon-crt0.o
START GROUP
LOAD ./src/hal_entry.o
LOAD ./ra_gen/common_data.o
LOAD ./ra_gen/hal_data.o
LOAD ./ra_gen/main.o
LOAD ./ra_gen/pin_data.o
LOAD ./ra_gen/vector_data.o
LOAD ./ra/fsp/src/r_sci_uart/r_sci_uart.o
LOAD ./ra/fsp/src/r_ioport/r_ioport.o
LOAD ./ra/fsp/src/r_dtc/r_dtc.o
LOAD ./ra/fsp/src/bsp/mcu/all/bsp_clocks.o
LOAD ./ra/fsp/src/bsp/mcu/all/bsp_common.o
LOAD ./ra/fsp/src/bsp/mcu/all/bsp_delay.o
LOAD ./ra/fsp/src/bsp/mcu/all/bsp_group_irq.o
LOAD ./ra/fsp/src/bsp/mcu/all/bsp_guard.o
LOAD ./ra/fsp/src/bsp/mcu/all/bsp_io.o
LOAD ./ra/fsp/src/bsp/mcu/all/bsp_irq.o
LOAD ./ra/fsp/src/bsp/mcu/all/bsp_register_protection.o
LOAD ./ra/fsp/src/bsp/mcu/all/bsp_rom_registers.o
LOAD ./ra/fsp/src/bsp/mcu/all/bsp_sbrk.o
LOAD ./ra/fsp/src/bsp/mcu/all/bsp_security.o
LOAD ./ra/fsp/src/bsp/cmsis/Device/RENESAS/Source/startup.o
LOAD ./ra/fsp/src/bsp/cmsis/Device/RENESAS/Source/system.o
END GROUP
START GROUP
LOAD c:/program files (x86)/gnu arm embedded toolchain/10 2021.10/bin/../lib/gcc/arm-none-eabi/10.3.1/thumb/v8-m.main+fp/hard\libgcc.a
LOAD c:/program files (x86)/gnu arm embedded toolchain/10 2021.10/bin/../lib/gcc/arm-none-eabi/10.3.1/../../../../arm-none-eabi/lib/thumb/v8-m.main+fp/hard\libg_nano.a
LOAD c:/program files (x86)/gnu arm embedded toolchain/10 2021.10/bin/../lib/gcc/arm-none-eabi/10.3.1/../../../../arm-none-eabi/lib/thumb/v8-m.main+fp/hard\libc_nano.a
END GROUP
START GROUP
LOAD c:/program files (x86)/gnu arm embedded toolchain/10 2021.10/bin/../lib/gcc/arm-none-eabi/10.3.1/thumb/v8-m.main+fp/hard\libgcc.a
LOAD c:/program files (x86)/gnu arm embedded toolchain/10 2021.10/bin/../lib/gcc/arm-none-eabi/10.3.1/../../../../arm-none-eabi/lib/thumb/v8-m.main+fp/hard\libc_nano.a
LOAD c:/program files (x86)/gnu arm embedded toolchain/10 2021.10/bin/../lib/gcc/arm-none-eabi/10.3.1/../../../../arm-none-eabi/lib/thumb/v8-m.main+fp/hard\librdimon_nano.a
END GROUP
START GROUP
LOAD c:/program files (x86)/gnu arm embedded toolchain/10 2021.10/bin/../lib/gcc/arm-none-eabi/10.3.1/thumb/v8-m.main+fp/hard\libgcc.a
LOAD c:/program files (x86)/gnu arm embedded toolchain/10 2021.10/bin/../lib/gcc/arm-none-eabi/10.3.1/../../../../arm-none-eabi/lib/thumb/v8-m.main+fp/hard\libc_nano.a
LOAD c:/program files (x86)/gnu arm embedded toolchain/10 2021.10/bin/../lib/gcc/arm-none-eabi/10.3.1/../../../../arm-none-eabi/lib/thumb/v8-m.main+fp/hard\librdimon_nano.a
END GROUP
LOAD c:/program files (x86)/gnu arm embedded toolchain/10 2021.10/bin/../lib/gcc/arm-none-eabi/10.3.1/thumb/v8-m.main+fp/hard/crtend.o
LOAD c:/program files (x86)/gnu arm embedded toolchain/10 2021.10/bin/../lib/gcc/arm-none-eabi/10.3.1/thumb/v8-m.main+fp/hard/crtn.o
                0x20000000                RAM_START = 0x20000000
                0x00020000                RAM_LENGTH = 0x20000
                0x00000000                FLASH_START = 0x0
                0x00080000                FLASH_LENGTH = 0x80000
                0x08000000                DATA_FLASH_START = 0x8000000
                0x00002000                DATA_FLASH_LENGTH = 0x2000
                0x0100a100                OPTION_SETTING_START = 0x100a100
                0x00000100                OPTION_SETTING_LENGTH = 0x100
                0x0100a200                OPTION_SETTING_S_START = 0x100a200
                0x00000100                OPTION_SETTING_S_LENGTH = 0x100
                0x00000000                ID_CODE_START = 0x0
                0x00000000                ID_CODE_LENGTH = 0x0
                0x90000000                SDRAM_START = 0x90000000
                0x00000000                SDRAM_LENGTH = 0x0
                0x60000000                QSPI_FLASH_START = 0x60000000
                0x04000000                QSPI_FLASH_LENGTH = 0x4000000
                0x68000000                OSPI_DEVICE_0_START = 0x68000000
                0x00000000                OSPI_DEVICE_0_LENGTH = 0x0
                0x70000000                OSPI_DEVICE_1_START = 0x70000000
                0x00000000                OSPI_DEVICE_1_LENGTH = 0x0
                0x04000000                QSPI_FLASH_PRV_LENGTH = DEFINED (QSPI_FLASH_SIZE)?ABSOLUTE (QSPI_FLASH_SIZE):ABSOLUTE (QSPI_FLASH_LENGTH)
                0x00000000                OSPI_DEVICE_0_PRV_LENGTH = DEFINED (OSPI_DEVICE_0_SIZE)?ABSOLUTE (OSPI_DEVICE_0_SIZE):ABSOLUTE (OSPI_DEVICE_0_LENGTH)
                0x00000000                OSPI_DEVICE_1_PRV_LENGTH = DEFINED (OSPI_DEVICE_1_SIZE)?ABSOLUTE (OSPI_DEVICE_1_SIZE):ABSOLUTE (OSPI_DEVICE_1_LENGTH)
                0x00000000                __RESERVE_NS_RAM = ((! (DEFINED (PROJECT_NONSECURE)) && DEFINED (RAM_NS_BUFFER_LENGTH)) && (OPTION_SETTING_S_LENGTH != 0x0))
                0x00000000                RAM_NS_BUFFER_BLOCK_LENGTH = DEFINED (RAM_NS_BUFFER_LENGTH)?ALIGN (RAM_NS_BUFFER_LENGTH, 0x2000):0x0
                0x00000000                RAM_NS_BUFFER_LENGTH = DEFINED (RAM_NS_BUFFER_LENGTH)?RAM_NS_BUFFER_LENGTH:0x0
                0x20020000                RAM_NS_BUFFER_START = ((RAM_START + RAM_LENGTH) - RAM_NS_BUFFER_LENGTH)
                0x20020000                RAM_NS_BUFFER_BLOCK_START = ((RAM_START + RAM_LENGTH) - RAM_NS_BUFFER_BLOCK_LENGTH)
                0x0100a180                OPTION_SETTING_START_NS = 0x100a180
                0x00000001                __bl_FSP_BOOTABLE_IMAGE = 0x1
                0x00000001                __bln_FSP_BOOTABLE_IMAGE = 0x1
                0x00000001                PROJECT_SECURE_OR_FLAT = ((! (DEFINED (PROJECT_NONSECURE)) && OPTION_SETTING_LENGTH) && ! (DEFINED (FSP_BOOTABLE_IMAGE)))
                0x00000000                USE_OPTION_SETTING_NS = (DEFINED (PROJECT_NONSECURE) && ! (DEFINED (FSP_BOOTABLE_IMAGE)))
                0x00000000                __bl_FLASH_IMAGE_START = ! (DEFINED (FLASH_BOOTLOADER_LENGTH))?0x0:(FLASH_APPLICATION_IMAGE_NUMBER == 0x1)?(FLASH_BOOTLOADER_LENGTH + FLASH_BOOTLOADER_HEADER_LENGTH):(((FLASH_BOOTLOADER_LENGTH + FLASH_BOOTLOADER_SCRATCH_LENGTH) + FLASH_APPLICATION_S_LENGTH) + FLASH_BOOTLOADER_HEADER_LENGTH)
                0x00000000                __bl_FLASH_IMAGE_LENGTH = ! (DEFINED (FLASH_BOOTLOADER_LENGTH))?0x0:(FLASH_APPLICATION_S_LENGTH - FLASH_BOOTLOADER_HEADER_LENGTH)
                0x00000000                __bl_FLASH_IMAGE_END = (__bl_FLASH_IMAGE_START + __bl_FLASH_IMAGE_LENGTH)
                0x00000000                __bl_XIP_SECONDARY_FLASH_IMAGE_START = ! (DEFINED (FLASH_BOOTLOADER_LENGTH))?0x0:((FLASH_BOOTLOADER_LENGTH + FLASH_APPLICATION_S_LENGTH) + FLASH_BOOTLOADER_HEADER_LENGTH)
                0x00000000                __bl_XIP_SECONDARY_FLASH_IMAGE_END = (__bl_XIP_SECONDARY_FLASH_IMAGE_START + __bl_FLASH_IMAGE_LENGTH)
                0x00000000                __bl_FLASH_NS_START = ! (DEFINED (FLASH_BOOTLOADER_LENGTH))?0x0:(FLASH_APPLICATION_NS_LENGTH == 0x0)?__bl_FLASH_IMAGE_END:((__bl_FLASH_IMAGE_START - FLASH_BOOTLOADER_HEADER_LENGTH) + FLASH_APPLICATION_S_LENGTH)
                0x00000000                __bl_FLASH_NSC_START = ! (DEFINED (FLASH_BOOTLOADER_LENGTH))?0x0:(FLASH_APPLICATION_NS_LENGTH == 0x0)?__bl_FLASH_IMAGE_END:(__bl_FLASH_NS_START - FLASH_APPLICATION_NSC_LENGTH)
                0x00000000                __bl_RAM_NS_START = ! (DEFINED (FLASH_BOOTLOADER_LENGTH))?0x0:(FLASH_APPLICATION_NS_LENGTH == 0x0)?(RAM_START + RAM_LENGTH):((RAM_START + RAM_LENGTH) - RAM_APPLICATION_NS_LENGTH)
                0x00000000                __bl_RAM_NSC_START = ! (DEFINED (FLASH_BOOTLOADER_LENGTH))?0x0:(FLASH_APPLICATION_NS_LENGTH == 0x0)?(RAM_START + RAM_LENGTH):(__bl_RAM_NS_START - RAM_APPLICATION_NSC_LENGTH)
                0x00000000                __bl_FLASH_NS_IMAGE_START = ! (DEFINED (FLASH_BOOTLOADER_LENGTH))?0x0:(FLASH_APPLICATION_NS_LENGTH == 0x0)?__bl_FLASH_IMAGE_END:(__bl_FLASH_NS_START + FLASH_BOOTLOADER_HEADER_LENGTH_2)
                0x00000000                __bln_FLASH_IMAGE_START = __bl_FLASH_NS_IMAGE_START
                0x00000000                __bln_FLASH_IMAGE_LENGTH = ! (DEFINED (FLASH_BOOTLOADER_LENGTH))?0x0:(FLASH_APPLICATION_NS_LENGTH == 0x0)?__bl_FLASH_IMAGE_END:(FLASH_APPLICATION_NS_LENGTH - FLASH_BOOTLOADER_HEADER_LENGTH_2)
                0x00000000                XIP_SECONDARY_SLOT_IMAGE = DEFINED (XIP_SECONDARY_SLOT_IMAGE)?XIP_SECONDARY_SLOT_IMAGE:0x0
                0x00000000                FLASH_ORIGIN = ! (DEFINED (FLASH_IMAGE_START))?FLASH_START:(XIP_SECONDARY_SLOT_IMAGE == 0x1)?XIP_SECONDARY_FLASH_IMAGE_START:FLASH_IMAGE_START
                0x00080000                LIMITED_FLASH_LENGTH = DEFINED (FLASH_IMAGE_LENGTH)?FLASH_IMAGE_LENGTH:DEFINED (FLASH_BOOTLOADER_LENGTH)?FLASH_BOOTLOADER_LENGTH:FLASH_LENGTH
START GROUP
LOAD c:/program files (x86)/gnu arm embedded toolchain/10 2021.10/bin/../lib/gcc/arm-none-eabi/10.3.1/thumb/v8-m.main+fp/hard\libgcc.a
LOAD c:/program files (x86)/gnu arm embedded toolchain/10 2021.10/bin/../lib/gcc/arm-none-eabi/10.3.1/../../../../arm-none-eabi/lib/thumb/v8-m.main+fp/hard\libc.a
LOAD c:/program files (x86)/gnu arm embedded toolchain/10 2021.10/bin/../lib/gcc/arm-none-eabi/10.3.1/../../../../arm-none-eabi/lib/thumb/v8-m.main+fp/hard\libm.a
LOAD c:/program files (x86)/gnu arm embedded toolchain/10 2021.10/bin/../lib/gcc/arm-none-eabi/10.3.1/../../../../arm-none-eabi/lib/thumb/v8-m.main+fp/hard\libnosys.a
END GROUP

.text           0x00000000     0x1624
                0x00000000                __tz_FLASH_S = ABSOLUTE (FLASH_START)
                0x00000000                __ROM_Start = .
 *(.fixed_vectors*)
 .fixed_vectors
                0x00000000       0x40 ./ra/fsp/src/bsp/cmsis/Device/RENESAS/Source/startup.o
                0x00000000                __Vectors
 *(.application_vectors*)
 .application_vectors
                0x00000040      0x180 ./ra_gen/vector_data.o
                0x00000040                g_vector_table
                0x000001c0                __Vectors_End = .
                0x000001c0                . = (OPTION_SETTING_LENGTH > 0x0)?.:(__ROM_Start + 0x400)
 *(.rom_registers*)
                0x000001c0                . = (OPTION_SETTING_LENGTH > 0x0)?.:(__ROM_Start + 0x500)
                0x00000200                . = ALIGN (0x80)
 *fill*         0x000001c0       0x40 ff
 *(.mcuboot_sce9_key*)
 *(.text*)
 .text          0x00000200       0x40 c:/program files (x86)/gnu arm embedded toolchain/10 2021.10/bin/../lib/gcc/arm-none-eabi/10.3.1/thumb/v8-m.main+fp/hard/crtbegin.o
 .text.hal_entry
                0x00000240       0x78 ./src/hal_entry.o
                0x00000240                hal_entry
 .text.R_BSP_WarmStart
                0x000002b8       0x18 ./src/hal_entry.o
                0x000002b8                R_BSP_WarmStart
 .text.startup.main
                0x000002d0        0xc ./ra_gen/main.o
                0x000002d0                main
 .text.R_SCI_UART_Read
                0x000002dc       0x34 ./ra/fsp/src/r_sci_uart/r_sci_uart.o
                0x000002dc                R_SCI_UART_Read
 .text.R_SCI_UART_Write
                0x00000310       0x6c ./ra/fsp/src/r_sci_uart/r_sci_uart.o
                0x00000310                R_SCI_UART_Write
 .text.r_sci_uart_call_callback
                0x0000037c       0x44 ./ra/fsp/src/r_sci_uart/r_sci_uart.o
 .text.R_SCI_UART_Open
                0x000003c0      0x3ac ./ra/fsp/src/r_sci_uart/r_sci_uart.o
                0x000003c0                R_SCI_UART_Open
 .text.sci_uart_txi_isr
                0x0000076c       0x8c ./ra/fsp/src/r_sci_uart/r_sci_uart.o
                0x0000076c                sci_uart_txi_isr
 .text.sci_uart_rxi_isr
                0x000007f8       0xac ./ra/fsp/src/r_sci_uart/r_sci_uart.o
                0x000007f8                sci_uart_rxi_isr
 .text.sci_uart_tei_isr
                0x000008a4       0x40 ./ra/fsp/src/r_sci_uart/r_sci_uart.o
                0x000008a4                sci_uart_tei_isr
 .text.sci_uart_eri_isr
                0x000008e4       0x74 ./ra/fsp/src/r_sci_uart/r_sci_uart.o
                0x000008e4                sci_uart_eri_isr
 .text.R_IOPORT_Close
                0x00000958        0xc ./ra/fsp/src/r_ioport/r_ioport.o
                0x00000958                R_IOPORT_Close
 .text.R_IOPORT_PinRead
                0x00000964       0x24 ./ra/fsp/src/r_ioport/r_ioport.o
                0x00000964                R_IOPORT_PinRead
 .text.R_IOPORT_PortRead
                0x00000988       0x14 ./ra/fsp/src/r_ioport/r_ioport.o
                0x00000988                R_IOPORT_PortRead
 .text.R_IOPORT_PortWrite
                0x0000099c       0x1c ./ra/fsp/src/r_ioport/r_ioport.o
                0x0000099c                R_IOPORT_PortWrite
 .text.R_IOPORT_PinWrite
                0x000009b8       0x20 ./ra/fsp/src/r_ioport/r_ioport.o
                0x000009b8                R_IOPORT_PinWrite
 .text.R_IOPORT_PortDirectionSet
                0x000009d8       0x2c ./ra/fsp/src/r_ioport/r_ioport.o
                0x000009d8                R_IOPORT_PortDirectionSet
 .text.R_IOPORT_PortEventInputRead
                0x00000a04       0x18 ./ra/fsp/src/r_ioport/r_ioport.o
                0x00000a04                R_IOPORT_PortEventInputRead
 .text.R_IOPORT_PinEventInputRead
                0x00000a1c       0x38 ./ra/fsp/src/r_ioport/r_ioport.o
                0x00000a1c                R_IOPORT_PinEventInputRead
 .text.R_IOPORT_PortEventOutputWrite
                0x00000a54       0x1c ./ra/fsp/src/r_ioport/r_ioport.o
                0x00000a54                R_IOPORT_PortEventOutputWrite
 .text.R_IOPORT_EthernetModeCfg
                0x00000a70        0x4 ./ra/fsp/src/r_ioport/r_ioport.o
                0x00000a70                R_IOPORT_EthernetModeCfg
 .text.R_IOPORT_PinEventOutputWrite
                0x00000a74       0x4c ./ra/fsp/src/r_ioport/r_ioport.o
                0x00000a74                R_IOPORT_PinEventOutputWrite
 .text.bsp_vbatt_init
                0x00000ac0       0xac ./ra/fsp/src/r_ioport/r_ioport.o
 .text.r_ioport_pins_config
                0x00000b6c       0xc0 ./ra/fsp/src/r_ioport/r_ioport.o
 .text.R_IOPORT_Open
                0x00000c2c       0x14 ./ra/fsp/src/r_ioport/r_ioport.o
                0x00000c2c                R_IOPORT_Open
 .text.R_IOPORT_PinsCfg
                0x00000c40        0xc ./ra/fsp/src/r_ioport/r_ioport.o
                0x00000c40                R_IOPORT_PinsCfg
 .text.R_IOPORT_PinCfg
                0x00000c4c       0xa8 ./ra/fsp/src/r_ioport/r_ioport.o
                0x00000c4c                R_IOPORT_PinCfg
 .text.R_DTC_Reset
                0x00000cf4       0x94 ./ra/fsp/src/r_dtc/r_dtc.o
                0x00000cf4                R_DTC_Reset
 .text.R_DTC_SoftwareStart
                0x00000d88        0x4 ./ra/fsp/src/r_dtc/r_dtc.o
                0x00000d88                R_DTC_SoftwareStart
 .text.R_DTC_SoftwareStop
                0x00000d8c        0x4 ./ra/fsp/src/r_dtc/r_dtc.o
                0x00000d8c                R_DTC_SoftwareStop
 .text.R_DTC_Enable
                0x00000d90       0x20 ./ra/fsp/src/r_dtc/r_dtc.o
                0x00000d90                R_DTC_Enable
 .text.R_DTC_Disable
                0x00000db0       0x20 ./ra/fsp/src/r_dtc/r_dtc.o
                0x00000db0                R_DTC_Disable
 .text.R_DTC_InfoGet
                0x00000dd0       0x60 ./ra/fsp/src/r_dtc/r_dtc.o
                0x00000dd0                R_DTC_InfoGet
 .text.R_DTC_Close
                0x00000e30       0x34 ./ra/fsp/src/r_dtc/r_dtc.o
                0x00000e30                R_DTC_Close
 .text.R_DTC_Open
                0x00000e64       0xb4 ./ra/fsp/src/r_dtc/r_dtc.o
                0x00000e64                R_DTC_Open
 .text.R_DTC_Reconfigure
                0x00000f18       0x7c ./ra/fsp/src/r_dtc/r_dtc.o
                0x00000f18                R_DTC_Reconfigure
 .text.SystemCoreClockUpdate
                0x00000f94       0x28 ./ra/fsp/src/bsp/mcu/all/bsp_clocks.o
                0x00000f94                SystemCoreClockUpdate
 .text.bsp_clock_init
                0x00000fbc      0x118 ./ra/fsp/src/bsp/mcu/all/bsp_clocks.o
                0x00000fbc                bsp_clock_init
 .text.bsp_init_internal
                0x000010d4        0x4 ./ra/fsp/src/bsp/mcu/all/bsp_common.o
                0x000010d4                bsp_init_internal
                0x000010d4                bsp_init
 .text.bsp_prv_software_delay_loop
                0x000010d8        0xc ./ra/fsp/src/bsp/mcu/all/bsp_delay.o
                0x000010d8                bsp_prv_software_delay_loop
 .text.R_BSP_SoftwareDelay
                0x000010e4       0x68 ./ra/fsp/src/bsp/mcu/all/bsp_delay.o
                0x000010e4                R_BSP_SoftwareDelay
 .text.NMI_Handler
                0x0000114c       0x38 ./ra/fsp/src/bsp/mcu/all/bsp_group_irq.o
                0x0000114c                NMI_Handler
 .text.bsp_irq_cfg
                0x00001184       0xa0 ./ra/fsp/src/bsp/mcu/all/bsp_irq.o
                0x00001184                bsp_irq_cfg
 .text.R_BSP_RegisterProtectEnable
                0x00001224       0x60 ./ra/fsp/src/bsp/mcu/all/bsp_register_protection.o
                0x00001224                R_BSP_RegisterProtectEnable
 .text.R_BSP_RegisterProtectDisable
                0x00001284       0x54 ./ra/fsp/src/bsp/mcu/all/bsp_register_protection.o
                0x00001284                R_BSP_RegisterProtectDisable
 .text.Default_Handler
                0x000012d8        0x4 ./ra/fsp/src/bsp/cmsis/Device/RENESAS/Source/startup.o
                0x000012d8                DebugMon_Handler
                0x000012d8                HardFault_Handler
                0x000012d8                SysTick_Handler
                0x000012d8                PendSV_Handler
                0x000012d8                UsageFault_Handler
                0x000012d8                SecureFault_Handler
                0x000012d8                Default_Handler
                0x000012d8                MemManage_Handler
                0x000012d8                SVC_Handler
                0x000012d8                BusFault_Handler
 .text.Reset_Handler
                0x000012dc        0xc ./ra/fsp/src/bsp/cmsis/Device/RENESAS/Source/startup.o
                0x000012dc                Reset_Handler
 .text.SystemInit
                0x000012e8       0xc0 ./ra/fsp/src/bsp/cmsis/Device/RENESAS/Source/system.o
                0x000012e8                SystemInit
 .text.memcpy   0x000013a8       0x1a c:/program files (x86)/gnu arm embedded toolchain/10 2021.10/bin/../lib/gcc/arm-none-eabi/10.3.1/../../../../arm-none-eabi/lib/thumb/v8-m.main+fp/hard\libg_nano.a(lib_a-memcpy-stub.o)
                0x000013a8                memcpy
 .text.memset   0x000013c2       0x10 c:/program files (x86)/gnu arm embedded toolchain/10 2021.10/bin/../lib/gcc/arm-none-eabi/10.3.1/../../../../arm-none-eabi/lib/thumb/v8-m.main+fp/hard\libg_nano.a(lib_a-memset.o)
                0x000013c2                memset
 *(.version)
 *fill*         0x000013d2        0x2 ff
 .version       0x000013d4       0x50 ./ra/fsp/src/bsp/mcu/all/bsp_common.o
 *(.init)
 .init          0x00001424        0x4 c:/program files (x86)/gnu arm embedded toolchain/10 2021.10/bin/../lib/gcc/arm-none-eabi/10.3.1/thumb/v8-m.main+fp/hard/crti.o
                0x00001424                _init
 .init          0x00001428        0x8 c:/program files (x86)/gnu arm embedded toolchain/10 2021.10/bin/../lib/gcc/arm-none-eabi/10.3.1/thumb/v8-m.main+fp/hard/crtn.o
 *(.fini)
 .fini          0x00001430        0x4 c:/program files (x86)/gnu arm embedded toolchain/10 2021.10/bin/../lib/gcc/arm-none-eabi/10.3.1/thumb/v8-m.main+fp/hard/crti.o
                0x00001430                _fini
 .fini          0x00001434        0x8 c:/program files (x86)/gnu arm embedded toolchain/10 2021.10/bin/../lib/gcc/arm-none-eabi/10.3.1/thumb/v8-m.main+fp/hard/crtn.o
 *crtbegin.o(.ctors)
 *crtbegin?.o(.ctors)
 *(EXCLUDE_FILE(*crtend.o *crtend?.o) .ctors)
 *(SORT_BY_NAME(.ctors.*))
 *(.ctors)
 *crtbegin.o(.dtors)
 *crtbegin?.o(.dtors)
 *(EXCLUDE_FILE(*crtend.o *crtend?.o) .dtors)
 *(SORT_BY_NAME(.dtors.*))
 *(.dtors)
 *(.rodata*)
 .rodata.g_ioport
                0x0000143c        0xc ./ra_gen/common_data.o
                0x0000143c                g_ioport
 .rodata.g_transfer0
                0x00001448        0xc ./ra_gen/hal_data.o
                0x00001448                g_transfer0
 .rodata.g_transfer0_cfg
                0x00001454        0x8 ./ra_gen/hal_data.o
                0x00001454                g_transfer0_cfg
 .rodata.g_transfer0_cfg_extend
                0x0000145c        0x1 ./ra_gen/hal_data.o
                0x0000145c                g_transfer0_cfg_extend
 *fill*         0x0000145d        0x3 ff
 .rodata.g_transfer1
                0x00001460        0xc ./ra_gen/hal_data.o
                0x00001460                g_transfer1
 .rodata.g_transfer1_cfg
                0x0000146c        0x8 ./ra_gen/hal_data.o
                0x0000146c                g_transfer1_cfg
 .rodata.g_transfer1_cfg_extend
                0x00001474        0x1 ./ra_gen/hal_data.o
                0x00001474                g_transfer1_cfg_extend
 *fill*         0x00001475        0x3 ff
 .rodata.g_uart3_cfg
                0x00001478       0x20 ./ra_gen/hal_data.o
                0x00001478                g_uart3_cfg
 .rodata.g_uart3_cfg_extend
                0x00001498       0x14 ./ra_gen/hal_data.o
                0x00001498                g_uart3_cfg_extend
 .rodata.g_bsp_pin_cfg
                0x000014ac        0x8 ./ra_gen/pin_data.o
                0x000014ac                g_bsp_pin_cfg
 .rodata.g_bsp_pin_cfg_data
                0x000014b4       0x48 ./ra_gen/pin_data.o
                0x000014b4                g_bsp_pin_cfg_data
 .rodata.g_interrupt_event_link_select
                0x000014fc       0xc0 ./ra_gen/vector_data.o
                0x000014fc                g_interrupt_event_link_select
 .rodata.g_ioport_on_ioport
                0x000015bc       0x38 ./ra/fsp/src/r_ioport/r_ioport.o
                0x000015bc                g_ioport_on_ioport
 .rodata.g_transfer_on_dtc
                0x000015f4       0x24 ./ra/fsp/src/r_dtc/r_dtc.o
                0x000015f4                g_transfer_on_dtc
 .rodata.g_prcr_masks
                0x00001618        0x8 ./ra/fsp/src/bsp/mcu/all/bsp_register_protection.o
                0x00001620                __usb_dev_descriptor_start_fs = .
 *(.usb_device_desc_fs*)
                0x00001620                __usb_cfg_descriptor_start_fs = .
 *(.usb_config_desc_fs*)
                0x00001620                __usb_interface_descriptor_start_fs = .
 *(.usb_interface_desc_fs*)
                0x00001620                __usb_descriptor_end_fs = .
                0x00001620                __usb_dev_descriptor_start_hs = .
 *(.usb_device_desc_hs*)
                0x00001620                __usb_cfg_descriptor_start_hs = .
 *(.usb_config_desc_hs*)
                0x00001620                __usb_interface_descriptor_start_hs = .
 *(.usb_interface_desc_hs*)
                0x00001620                __usb_descriptor_end_hs = .
 *(.eh_frame*)
 .eh_frame      0x00001620        0x0 c:/program files (x86)/gnu arm embedded toolchain/10 2021.10/bin/../lib/gcc/arm-none-eabi/10.3.1/thumb/v8-m.main+fp/hard/crtbegin.o
 .eh_frame      0x00001620        0x4 c:/program files (x86)/gnu arm embedded toolchain/10 2021.10/bin/../lib/gcc/arm-none-eabi/10.3.1/thumb/v8-m.main+fp/hard/crtend.o
                0x00001624                __ROM_End = .
                0x000001c0                __Vectors_Size = (__Vectors_End - __Vectors)

.glue_7         0x00001624        0x0
 .glue_7        0x00001624        0x0 linker stubs

.glue_7t        0x00001624        0x0
 .glue_7t       0x00001624        0x0 linker stubs

.vfp11_veneer   0x00001624        0x0
 .vfp11_veneer  0x00001624        0x0 linker stubs

.v4_bx          0x00001624        0x0
 .v4_bx         0x00001624        0x0 linker stubs

.iplt           0x00001624        0x0
 .iplt          0x00001624        0x0 c:/program files (x86)/gnu arm embedded toolchain/10 2021.10/bin/../lib/gcc/arm-none-eabi/10.3.1/thumb/v8-m.main+fp/hard/crtbegin.o

.ARM.extab
 *(.ARM.extab* .gnu.linkonce.armextab.*)
                0x00001624                __exidx_start = .

.ARM.exidx
 *(.ARM.exidx* .gnu.linkonce.armexidx.*)
                0x00001624                __exidx_end = .
                0x00001624                __etext = .
                0x20000000                __tz_RAM_S = ORIGIN (RAM)

.fsp_dtc_vector_table
                0x20000000      0x180
                0x20000000                . = ORIGIN (RAM)
 *(.fsp_dtc_vector_table)
 .fsp_dtc_vector_table
                0x20000000      0x180 ./ra/fsp/src/r_dtc/r_dtc.o

.data           0x20000180       0x3c load address 0x00001624
                0x20000180                __data_start__ = .
                0x20000180                . = ALIGN (0x4)
                0x20000180                __Code_In_RAM_Start = .
 *(.code_in_ram*)
                0x20000180                __Code_In_RAM_End = .
 *(vtable)
 *(.data.*)
 .data.target1  0x20000180       0x10 ./src/hal_entry.o
                0x20000180                target1
 .data.g_transfer0_info
                0x20000190       0x10 ./ra_gen/hal_data.o
                0x20000190                g_transfer0_info
 .data.g_transfer1_info
                0x200001a0       0x10 ./ra_gen/hal_data.o
                0x200001a0                g_transfer1_info
 .data.g_uart3_baud_setting
                0x200001b0        0x4 ./ra_gen/hal_data.o
                0x200001b0                g_uart3_baud_setting
 *(.data)
                0x200001b4                . = ALIGN (0x4)
                0x200001b4                PROVIDE (__preinit_array_start = .)
 *(.preinit_array)
                0x200001b4                PROVIDE (__preinit_array_end = .)
                0x200001b4                . = ALIGN (0x4)
                0x200001b4                PROVIDE (__init_array_start = .)
 *(SORT_BY_NAME(.init_array.*))
 *(.init_array)
 .init_array    0x200001b4        0x4 c:/program files (x86)/gnu arm embedded toolchain/10 2021.10/bin/../lib/gcc/arm-none-eabi/10.3.1/thumb/v8-m.main+fp/hard/crtbegin.o
                0x200001b8                PROVIDE (__init_array_end = .)
                0x200001b8                . = ALIGN (0x4)
                [!provide]                PROVIDE (__fini_array_start = .)
 *(SORT_BY_NAME(.fini_array.*))
 *(.fini_array)
 .fini_array    0x200001b8        0x4 c:/program files (x86)/gnu arm embedded toolchain/10 2021.10/bin/../lib/gcc/arm-none-eabi/10.3.1/thumb/v8-m.main+fp/hard/crtbegin.o
                [!provide]                PROVIDE (__fini_array_end = .)
 *(.jcr*)
                0x200001bc                . = ALIGN (0x4)
                0x200001bc                __data_end__ = .
                0x00001660                DATA_END = (LOADADDR (.data) + SIZEOF (.data))
                0x00001800                SGSTUBS_LOC = (DEFINED (PROJECT_SECURE) && DEFINED (FLASH_NSC_START))?ABSOLUTE (FLASH_NSC_START):ALIGN (DATA_END, 0x400)

.igot.plt       0x200001bc        0x0 load address 0x00001660
 .igot.plt      0x200001bc        0x0 c:/program files (x86)/gnu arm embedded toolchain/10 2021.10/bin/../lib/gcc/arm-none-eabi/10.3.1/thumb/v8-m.main+fp/hard/crtbegin.o

.gnu.sgstubs    0x00001800        0x0
                0x00001800                __tz_FLASH_C = DEFINED (FLASH_NSC_START)?ABSOLUTE (FLASH_NSC_START):__RESERVE_NS_RAM?ABSOLUTE ((FLASH_START + FLASH_LENGTH)):ALIGN (0x400)
                0x00001800                _start_sg = .
 *(.gnu.sgstubs*)
                0x00001800                . = ALIGN (0x20)
                0x00001800                _end_sg = .
                0x00008000                __tz_FLASH_N = DEFINED (FLASH_NS_START)?ABSOLUTE (FLASH_NS_START):__RESERVE_NS_RAM?ABSOLUTE ((FLASH_START + FLASH_LENGTH)):(FLASH_LENGTH < 0x8000)?FLASH_LENGTH:ALIGN (0x8000)
                0x00008000                FLASH_NS_IMAGE_START = DEFINED (FLASH_NS_IMAGE_START)?FLASH_NS_IMAGE_START:__tz_FLASH_N
                0x60000000                __tz_QSPI_FLASH_S = ORIGIN (QSPI_FLASH)

.qspi_flash     0x60000000        0x0
                0x60000000                __qspi_flash_start__ = .
 *(.qspi_flash*)
 *(.code_in_qspi*)
                0x60000000                __qspi_flash_end__ = .
                0x00000000                __qspi_flash_code_size__ = (__qspi_flash_end__ - __qspi_flash_start__)
                0x00001660                __qspi_flash_code_addr__ = (__etext + (__data_end__ - __data_start__))

.qspi_non_retentive
                0x60000000        0x0 load address 0x00001660
                0x60000000                __qspi_non_retentive_start__ = .
 *(.qspi_non_retentive*)
                0x60000000                __qspi_non_retentive_end__ = .
                0x00000000                __qspi_non_retentive_size__ = (__qspi_non_retentive_end__ - __qspi_non_retentive_start__)
                0x04000000                __qspi_region_max_size__ = 0x4000000
                0x60000000                __qspi_region_start_address__ = __qspi_flash_start__
                0x64000000                __qspi_region_end_address__ = (__qspi_flash_start__ + __qspi_region_max_size__)
                0x60000000                __tz_QSPI_FLASH_N = __qspi_non_retentive_end__

.OSPI_DEVICE_0_NO_LOAD
                0x68000000        0x0
                0x68000000                . = ALIGN (0x4)
                0x68000000                __ospi_device_0_start__ = .
 *(.ospi_device_0_no_load*)
                0x68000000                . = ALIGN (0x4)
                0x68000000                __ospi_device_0_end__ = .

.OSPI_DEVICE_1_NO_LOAD
                0x70000000        0x0
                0x70000000                . = ALIGN (0x4)
                0x70000000                __ospi_device_1_start__ = .
 *(.ospi_device_1_no_load*)
                0x70000000                . = ALIGN (0x4)
                0x70000000                __ospi_device_1_end__ = .
                0x68000000                __tz_OSPI_DEVICE_0_S = ORIGIN (OSPI_DEVICE_0)

.OSPI_DEVICE_0  0x68000000        0x0
                0x68000000                __ospi_device_0_start__ = .
 *(.ospi_device_0*)
 *(.code_in_ospi_device_0*)
                0x68000000                __ospi_device_0_end__ = .
                0x00000000                __ospi_device_0_code_size__ = (__ospi_device_0_end__ - __ospi_device_0_start__)
                0x00001660                __ospi_device_0_code_addr__ = (__etext + (__data_end__ - __data_start__))

.ospi_device_0_non_retentive
                0x68000000        0x0 load address 0x00001660
                0x68000000                __ospi_device_0_non_retentive_start__ = .
 *(.ospi_device_0_non_retentive*)
                0x68000000                __ospi_device_0_non_retentive_end__ = .
                0x00000000                __ospi_device_0_non_retentive_size__ = (__ospi_device_0_non_retentive_end__ - __ospi_device_0_non_retentive_start__)
                0x08000000                __ospi_device_0_region_max_size__ = 0x8000000
                0x68000000                __ospi_device_0_region_start_address__ = __ospi_device_0_start__
                0x70000000                __ospi_device_0_region_end_address__ = (__ospi_device_0_start__ + __ospi_device_0_region_max_size__)
                0x68000000                __tz_OSPI_DEVICE_0_N = __ospi_device_0_non_retentive_end__
                0x70000000                __tz_OSPI_DEVICE_1_S = ORIGIN (OSPI_DEVICE_1)

.OSPI_DEVICE_1  0x70000000        0x0
                0x70000000                __ospi_device_1_start__ = .
 *(.ospi_device_1*)
 *(.code_in_ospi_device_1*)
                0x70000000                __ospi_device_1_end__ = .
                0x00000000                __ospi_device_1_code_size__ = (__ospi_device_1_end__ - __ospi_device_1_start__)
                0x00001660                __ospi_device_1_code_addr__ = (__etext + (__data_end__ - __data_start__))

.ospi_device_1_non_retentive
                0x70000000        0x0 load address 0x00001660
                0x70000000                __ospi_device_1_non_retentive_start__ = .
 *(.ospi_device_1_non_retentive*)
                0x70000000                __ospi_device_1_non_retentive_end__ = .
                0x00000000                __ospi_device_1_non_retentive_size__ = (__ospi_device_1_non_retentive_end__ - __ospi_device_1_non_retentive_start__)
                0x10000000                __ospi_device_1_region_max_size__ = 0x10000000
                0x70000000                __ospi_device_1_region_start_address__ = __ospi_device_1_start__
                0x80000000                __ospi_device_1_region_end_address__ = (__ospi_device_1_start__ + __ospi_device_1_region_max_size__)
                0x70000000                __tz_OSPI_DEVICE_1_N = __ospi_device_1_non_retentive_end__

.noinit         0x200001bc       0x1c
                0x200001bc                . = ALIGN (0x4)
                0x200001bc                __noinit_start = .
 *(.noinit*)
 .noinit        0x200001bc       0x1c ./ra/fsp/src/bsp/mcu/all/bsp_clocks.o
                0x200001d8                . = ALIGN (0x8)
 *(.heap.*)
                0x200001d8                __noinit_end = .

.bss            0x200001d8      0x238
                0x200001d8                . = ALIGN (0x4)
                0x200001d8                __bss_start__ = .
 *(.bss*)
 .bss           0x200001d8       0x1c c:/program files (x86)/gnu arm embedded toolchain/10 2021.10/bin/../lib/gcc/arm-none-eabi/10.3.1/thumb/v8-m.main+fp/hard/crtbegin.o
 .bss.g_ioport_ctrl
                0x200001f4        0x8 ./ra_gen/common_data.o
                0x200001f4                g_ioport_ctrl
 .bss.g_transfer0_ctrl
                0x200001fc        0x8 ./ra_gen/hal_data.o
                0x200001fc                g_transfer0_ctrl
 .bss.g_transfer1_ctrl
                0x20000204        0x8 ./ra_gen/hal_data.o
                0x20000204                g_transfer1_ctrl
 .bss.g_uart3_ctrl
                0x2000020c       0x30 ./ra_gen/hal_data.o
                0x2000020c                g_uart3_ctrl
 .bss.g_dtc_state_initialized.0
                0x2000023c        0x1 ./ra/fsp/src/r_dtc/r_dtc.o
 *fill*         0x2000023d        0x3 
 .bss.g_bsp_group_irq_sources
                0x20000240       0x40 ./ra/fsp/src/bsp/mcu/all/bsp_group_irq.o
                0x20000240                g_bsp_group_irq_sources
 .bss.g_protect_pfswe_counter
                0x20000280        0x4 ./ra/fsp/src/bsp/mcu/all/bsp_io.o
                0x20000280                g_protect_pfswe_counter
 .bss.gp_renesas_isr_context
                0x20000284      0x180 ./ra/fsp/src/bsp/mcu/all/bsp_irq.o
                0x20000284                gp_renesas_isr_context
 .bss.g_protect_counters
                0x20000404        0x8 ./ra/fsp/src/bsp/mcu/all/bsp_register_protection.o
                0x20000404                g_protect_counters
 .bss.SystemCoreClock
                0x2000040c        0x4 ./ra/fsp/src/bsp/cmsis/Device/RENESAS/Source/system.o
                0x2000040c                SystemCoreClock
 *(COMMON)
                0x20000410                . = ALIGN (0x4)
                0x20000410                __bss_end__ = .

.heap           0x20000410        0x0
                0x20000410                . = ALIGN (0x8)
                0x20000410                __HeapBase = .
 *(.heap)
                0x20000410                __HeapLimit = .

.stack_dummy    0x20000410      0x400
                0x20000410                . = ALIGN (0x8)
                0x20000410                __StackLimit = .
 *(.stack)
 .stack         0x20000410      0x400 ./ra/fsp/src/bsp/cmsis/Device/RENESAS/Source/startup.o
                0x20000810                __StackTop = .
 *(.stack*)
                0x20000810                __StackTopAll = .
                0x20000810                PROVIDE (__stack = __StackTopAll)
                0x20000810                __RAM_segment_used_end__ = ALIGN (__StackTopAll, 0x4)
                0x20000c00                __tz_RAM_C = DEFINED (RAM_NSC_START)?ABSOLUTE (RAM_NSC_START):__RESERVE_NS_RAM?ABSOLUTE (RAM_NS_BUFFER_BLOCK_START):ALIGN (__RAM_segment_used_end__, 0x400)
                0x20002000                __tz_RAM_N = DEFINED (RAM_NS_START)?ABSOLUTE (RAM_NS_START):__RESERVE_NS_RAM?ABSOLUTE (RAM_NS_BUFFER_BLOCK_START):ALIGN (__tz_RAM_C, 0x2000)

.ns_buffer      0x20000810        0x0
                0x20000810                . = __RESERVE_NS_RAM?ABSOLUTE ((RAM_NS_BUFFER_START & 0xffffffe0)):.
 *(.ns_buffer*)

.data_flash     0x08000000        0x0
                0x08000000                . = ORIGIN (DATA_FLASH)
                0x08000000                __tz_DATA_FLASH_S = .
                0x08000000                __Data_Flash_Start = .
 *(.data_flash*)
                0x08000000                __Data_Flash_End = .
                0x08000000                __tz_DATA_FLASH_N = DEFINED (DATA_FLASH_NS_START)?ABSOLUTE (DATA_FLASH_NS_START):__RESERVE_NS_RAM?ABSOLUTE ((DATA_FLASH_START + DATA_FLASH_LENGTH)):ALIGN (0x400)
                0x90000000                __tz_SDRAM_S = ORIGIN (SDRAM)

.sdram          0x90000000        0x0
                0x90000000                __SDRAM_Start = .
 *(.sdram*)
 *(.frame*)
                0x90000000                __SDRAM_End = .
                0x90000000                __tz_SDRAM_N = __SDRAM_End
                0x00000000                __tz_ID_CODE_S = ORIGIN (ID_CODE)

.id_code        0x00000000        0x0
                0x00000000                __ID_Code_Start = .
 *(.id_code*)
                0x00000000                __ID_Code_End = .
                0x00000000                __tz_ID_CODE_N = __ID_Code_End
                0x0100a100                __tz_OPTION_SETTING_S = ORIGIN (OPTION_SETTING)

.option_setting
                0x0100a100       0x38
                0x0100a100                __OPTION_SETTING_Start = .
 *(.option_setting_ofs0)
 .option_setting_ofs0
                0x0100a100        0x4 ./ra/fsp/src/bsp/mcu/all/bsp_rom_registers.o
                0x0100a110                . = PROJECT_SECURE_OR_FLAT?(__OPTION_SETTING_Start + 0x10):__OPTION_SETTING_Start
 *fill*         0x0100a104        0xc ff
 *(.option_setting_dualsel)
                0x0100a134                . = PROJECT_SECURE_OR_FLAT?(__OPTION_SETTING_Start + 0x34):__OPTION_SETTING_Start
 *fill*         0x0100a110       0x24 ff
 *(.option_setting_sas)
 .option_setting_sas
                0x0100a134        0x4 ./ra/fsp/src/bsp/mcu/all/bsp_rom_registers.o
                0x0100a138                __OPTION_SETTING_End = .
                0x0100a180                __tz_OPTION_SETTING_N = OPTION_SETTING_START_NS

.option_setting_ns
                0x0100a138        0x0
                0x0100a138                __OPTION_SETTING_NS_Start = .
 *(.option_setting_ofs1)
                0x0100a138                . = USE_OPTION_SETTING_NS?(__OPTION_SETTING_NS_Start + 0x10):__OPTION_SETTING_NS_Start
 *(.option_setting_banksel)
                0x0100a138                . = USE_OPTION_SETTING_NS?(__OPTION_SETTING_NS_Start + 0x40):__OPTION_SETTING_NS_Start
 *(.option_setting_bps0)
                0x0100a138                . = USE_OPTION_SETTING_NS?(__OPTION_SETTING_NS_Start + 0x44):__OPTION_SETTING_NS_Start
 *(.option_setting_bps1)
                0x0100a138                . = USE_OPTION_SETTING_NS?(__OPTION_SETTING_NS_Start + 0x48):__OPTION_SETTING_NS_Start
 *(.option_setting_bps2)
                0x0100a138                . = USE_OPTION_SETTING_NS?(__OPTION_SETTING_NS_Start + 0x60):__OPTION_SETTING_NS_Start
 *(.option_setting_pbps0)
                0x0100a138                . = USE_OPTION_SETTING_NS?(__OPTION_SETTING_NS_Start + 0x64):__OPTION_SETTING_NS_Start
 *(.option_setting_pbps1)
                0x0100a138                . = USE_OPTION_SETTING_NS?(__OPTION_SETTING_NS_Start + 0x68):__OPTION_SETTING_NS_Start
 *(.option_setting_pbps2)
                0x0100a138                __OPTION_SETTING_NS_End = .
                0x0100a200                __tz_OPTION_SETTING_S_S = ORIGIN (OPTION_SETTING_S)

.option_setting_s
                0x0100a200       0xcc
                0x0100a200                __OPTION_SETTING_S_Start = .
 *(.option_setting_ofs1_sec)
 .option_setting_ofs1_sec
                0x0100a200        0x4 ./ra/fsp/src/bsp/mcu/all/bsp_rom_registers.o
                0x0100a210                . = PROJECT_SECURE_OR_FLAT?(__OPTION_SETTING_S_Start + 0x10):__OPTION_SETTING_S_Start
 *fill*         0x0100a204        0xc ff
 *(.option_setting_banksel_sec)
 .option_setting_banksel_sec
                0x0100a210        0x4 ./ra/fsp/src/bsp/mcu/all/bsp_rom_registers.o
                0x0100a240                . = PROJECT_SECURE_OR_FLAT?(__OPTION_SETTING_S_Start + 0x40):__OPTION_SETTING_S_Start
 *fill*         0x0100a214       0x2c ff
 *(.option_setting_bps_sec0)
 .option_setting_bps_sec0
                0x0100a240        0x4 ./ra/fsp/src/bsp/mcu/all/bsp_rom_registers.o
                0x0100a244                . = PROJECT_SECURE_OR_FLAT?(__OPTION_SETTING_S_Start + 0x44):__OPTION_SETTING_S_Start
 *(.option_setting_bps_sec1)
 .option_setting_bps_sec1
                0x0100a244        0x4 ./ra/fsp/src/bsp/mcu/all/bsp_rom_registers.o
                0x0100a248                . = PROJECT_SECURE_OR_FLAT?(__OPTION_SETTING_S_Start + 0x48):__OPTION_SETTING_S_Start
 *(.option_setting_bps_sec2)
 .option_setting_bps_sec2
                0x0100a248        0x4 ./ra/fsp/src/bsp/mcu/all/bsp_rom_registers.o
                0x0100a260                . = PROJECT_SECURE_OR_FLAT?(__OPTION_SETTING_S_Start + 0x60):__OPTION_SETTING_S_Start
 *fill*         0x0100a24c       0x14 ff
 *(.option_setting_pbps_sec0)
 .option_setting_pbps_sec0
                0x0100a260        0x4 ./ra/fsp/src/bsp/mcu/all/bsp_rom_registers.o
                0x0100a264                . = PROJECT_SECURE_OR_FLAT?(__OPTION_SETTING_S_Start + 0x64):__OPTION_SETTING_S_Start
 *(.option_setting_pbps_sec1)
 .option_setting_pbps_sec1
                0x0100a264        0x4 ./ra/fsp/src/bsp/mcu/all/bsp_rom_registers.o
                0x0100a268                . = PROJECT_SECURE_OR_FLAT?(__OPTION_SETTING_S_Start + 0x68):__OPTION_SETTING_S_Start
 *(.option_setting_pbps_sec2)
 .option_setting_pbps_sec2
                0x0100a268        0x4 ./ra/fsp/src/bsp/mcu/all/bsp_rom_registers.o
                0x0100a280                . = PROJECT_SECURE_OR_FLAT?(__OPTION_SETTING_S_Start + 0x80):__OPTION_SETTING_S_Start
 *fill*         0x0100a26c       0x14 ff
 *(.option_setting_ofs1_sel)
 .option_setting_ofs1_sel
                0x0100a280        0x4 ./ra/fsp/src/bsp/mcu/all/bsp_rom_registers.o
                0x0100a290                . = PROJECT_SECURE_OR_FLAT?(__OPTION_SETTING_S_Start + 0x90):__OPTION_SETTING_S_Start
 *fill*         0x0100a284        0xc ff
 *(.option_setting_banksel_sel)
 .option_setting_banksel_sel
                0x0100a290        0x4 ./ra/fsp/src/bsp/mcu/all/bsp_rom_registers.o
                0x0100a2c0                . = PROJECT_SECURE_OR_FLAT?(__OPTION_SETTING_S_Start + 0xc0):__OPTION_SETTING_S_Start
 *fill*         0x0100a294       0x2c ff
 *(.option_setting_bps_sel0)
 .option_setting_bps_sel0
                0x0100a2c0        0x4 ./ra/fsp/src/bsp/mcu/all/bsp_rom_registers.o
                0x0100a2c4                . = PROJECT_SECURE_OR_FLAT?(__OPTION_SETTING_S_Start + 0xc4):__OPTION_SETTING_S_Start
 *(.option_setting_bps_sel1)
 .option_setting_bps_sel1
                0x0100a2c4        0x4 ./ra/fsp/src/bsp/mcu/all/bsp_rom_registers.o
                0x0100a2c8                . = PROJECT_SECURE_OR_FLAT?(__OPTION_SETTING_S_Start + 0xc8):__OPTION_SETTING_S_Start
 *(.option_setting_bps_sel2)
 .option_setting_bps_sel2
                0x0100a2c8        0x4 ./ra/fsp/src/bsp/mcu/all/bsp_rom_registers.o
                0x0100a2cc                __OPTION_SETTING_S_End = .
                0x0100a2cc                __tz_OPTION_SETTING_S_N = __OPTION_SETTING_S_End
OUTPUT(RA4M2_test.elf elf32-littlearm)
LOAD linker stubs

.rel.dyn        0x0100a2cc        0x0
 .rel.iplt      0x0100a2cc        0x0 c:/program files (x86)/gnu arm embedded toolchain/10 2021.10/bin/../lib/gcc/arm-none-eabi/10.3.1/thumb/v8-m.main+fp/hard/crtbegin.o

.ARM.attributes
                0x00000000       0x36
 .ARM.attributes
                0x00000000       0x22 c:/program files (x86)/gnu arm embedded toolchain/10 2021.10/bin/../lib/gcc/arm-none-eabi/10.3.1/thumb/v8-m.main+fp/hard/crti.o
 .ARM.attributes
                0x00000022       0x38 c:/program files (x86)/gnu arm embedded toolchain/10 2021.10/bin/../lib/gcc/arm-none-eabi/10.3.1/thumb/v8-m.main+fp/hard/crtbegin.o
 .ARM.attributes
                0x0000005a       0x3a ./src/hal_entry.o
 .ARM.attributes
                0x00000094       0x3a ./ra_gen/common_data.o
 .ARM.attributes
                0x000000ce       0x3a ./ra_gen/hal_data.o
 .ARM.attributes
                0x00000108       0x3a ./ra_gen/main.o
 .ARM.attributes
                0x00000142       0x3a ./ra_gen/pin_data.o
 .ARM.attributes
                0x0000017c       0x3a ./ra_gen/vector_data.o
 .ARM.attributes
                0x000001b6       0x3a ./ra/fsp/src/r_sci_uart/r_sci_uart.o
 .ARM.attributes
                0x000001f0       0x3a ./ra/fsp/src/r_ioport/r_ioport.o
 .ARM.attributes
                0x0000022a       0x3a ./ra/fsp/src/r_dtc/r_dtc.o
 .ARM.attributes
                0x00000264       0x3a ./ra/fsp/src/bsp/mcu/all/bsp_clocks.o
 .ARM.attributes
                0x0000029e       0x3a ./ra/fsp/src/bsp/mcu/all/bsp_common.o
 .ARM.attributes
                0x000002d8       0x3a ./ra/fsp/src/bsp/mcu/all/bsp_delay.o
 .ARM.attributes
                0x00000312       0x3a ./ra/fsp/src/bsp/mcu/all/bsp_group_irq.o
 .ARM.attributes
                0x0000034c       0x3a ./ra/fsp/src/bsp/mcu/all/bsp_io.o
 .ARM.attributes
                0x00000386       0x3a ./ra/fsp/src/bsp/mcu/all/bsp_irq.o
 .ARM.attributes
                0x000003c0       0x3a ./ra/fsp/src/bsp/mcu/all/bsp_register_protection.o
 .ARM.attributes
                0x000003fa       0x3a ./ra/fsp/src/bsp/mcu/all/bsp_rom_registers.o
 .ARM.attributes
                0x00000434       0x3a ./ra/fsp/src/bsp/cmsis/Device/RENESAS/Source/startup.o
 .ARM.attributes
                0x0000046e       0x3a ./ra/fsp/src/bsp/cmsis/Device/RENESAS/Source/system.o
 .ARM.attributes
                0x000004a8       0x38 c:/program files (x86)/gnu arm embedded toolchain/10 2021.10/bin/../lib/gcc/arm-none-eabi/10.3.1/../../../../arm-none-eabi/lib/thumb/v8-m.main+fp/hard\libg_nano.a(lib_a-memcpy-stub.o)
 .ARM.attributes
                0x000004e0       0x38 c:/program files (x86)/gnu arm embedded toolchain/10 2021.10/bin/../lib/gcc/arm-none-eabi/10.3.1/../../../../arm-none-eabi/lib/thumb/v8-m.main+fp/hard\libg_nano.a(lib_a-memset.o)
 .ARM.attributes
                0x00000518       0x38 c:/program files (x86)/gnu arm embedded toolchain/10 2021.10/bin/../lib/gcc/arm-none-eabi/10.3.1/thumb/v8-m.main+fp/hard/crtend.o
 .ARM.attributes
                0x00000550       0x22 c:/program files (x86)/gnu arm embedded toolchain/10 2021.10/bin/../lib/gcc/arm-none-eabi/10.3.1/thumb/v8-m.main+fp/hard/crtn.o

.comment        0x00000000       0x49
 .comment       0x00000000       0x49 ./src/hal_entry.o
                                 0x4a (size before relaxing)
 .comment       0x00000049       0x4a ./ra_gen/common_data.o
 .comment       0x00000049       0x4a ./ra_gen/hal_data.o
 .comment       0x00000049       0x4a ./ra_gen/main.o
 .comment       0x00000049       0x4a ./ra_gen/pin_data.o
 .comment       0x00000049       0x4a ./ra_gen/vector_data.o
 .comment       0x00000049       0x4a ./ra/fsp/src/r_sci_uart/r_sci_uart.o
 .comment       0x00000049       0x4a ./ra/fsp/src/r_ioport/r_ioport.o
 .comment       0x00000049       0x4a ./ra/fsp/src/r_dtc/r_dtc.o
 .comment       0x00000049       0x4a ./ra/fsp/src/bsp/mcu/all/bsp_clocks.o
 .comment       0x00000049       0x4a ./ra/fsp/src/bsp/mcu/all/bsp_common.o
 .comment       0x00000049       0x4a ./ra/fsp/src/bsp/mcu/all/bsp_delay.o
 .comment       0x00000049       0x4a ./ra/fsp/src/bsp/mcu/all/bsp_group_irq.o
 .comment       0x00000049       0x4a ./ra/fsp/src/bsp/mcu/all/bsp_io.o
 .comment       0x00000049       0x4a ./ra/fsp/src/bsp/mcu/all/bsp_irq.o
 .comment       0x00000049       0x4a ./ra/fsp/src/bsp/mcu/all/bsp_register_protection.o
 .comment       0x00000049       0x4a ./ra/fsp/src/bsp/mcu/all/bsp_rom_registers.o
 .comment       0x00000049       0x4a ./ra/fsp/src/bsp/cmsis/Device/RENESAS/Source/startup.o
 .comment       0x00000049       0x4a ./ra/fsp/src/bsp/cmsis/Device/RENESAS/Source/system.o

.debug_info     0x00000000    0x282cf
 .debug_info    0x00000000     0x3580 ./src/hal_entry.o
 .debug_info    0x00003580     0x1244 ./ra_gen/common_data.o
 .debug_info    0x000047c4     0x35ee ./ra_gen/hal_data.o
 .debug_info    0x00007db2       0xaa ./ra_gen/main.o
 .debug_info    0x00007e5c      0x9e1 ./ra_gen/pin_data.o
 .debug_info    0x0000883d      0x666 ./ra_gen/vector_data.o
 .debug_info    0x00008ea3     0x9bc2 ./ra/fsp/src/r_sci_uart/r_sci_uart.o
 .debug_info    0x00012a65     0x69d4 ./ra/fsp/src/r_ioport/r_ioport.o
 .debug_info    0x00019439     0x2735 ./ra/fsp/src/r_dtc/r_dtc.o
 .debug_info    0x0001bb6e     0x469b ./ra/fsp/src/bsp/mcu/all/bsp_clocks.o
 .debug_info    0x00020209      0x906 ./ra/fsp/src/bsp/mcu/all/bsp_common.o
 .debug_info    0x00020b0f      0x1d8 ./ra/fsp/src/bsp/mcu/all/bsp_delay.o
 .debug_info    0x00020ce7     0x1385 ./ra/fsp/src/bsp/mcu/all/bsp_group_irq.o
 .debug_info    0x0002206c       0xaa ./ra/fsp/src/bsp/mcu/all/bsp_io.o
 .debug_info    0x00022116     0x1b22 ./ra/fsp/src/bsp/mcu/all/bsp_irq.o
 .debug_info    0x00023c38     0x3ac8 ./ra/fsp/src/bsp/mcu/all/bsp_register_protection.o
 .debug_info    0x00027700      0x19d ./ra/fsp/src/bsp/mcu/all/bsp_rom_registers.o
 .debug_info    0x0002789d      0x148 ./ra/fsp/src/bsp/cmsis/Device/RENESAS/Source/startup.o
 .debug_info    0x000279e5      0x8ea ./ra/fsp/src/bsp/cmsis/Device/RENESAS/Source/system.o

.debug_abbrev   0x00000000     0x28db
 .debug_abbrev  0x00000000      0x31f ./src/hal_entry.o
 .debug_abbrev  0x0000031f      0x150 ./ra_gen/common_data.o
 .debug_abbrev  0x0000046f      0x27d ./ra_gen/hal_data.o
 .debug_abbrev  0x000006ec       0x66 ./ra_gen/main.o
 .debug_abbrev  0x00000752       0xdc ./ra_gen/pin_data.o
 .debug_abbrev  0x0000082e       0xa7 ./ra_gen/vector_data.o
 .debug_abbrev  0x000008d5      0x620 ./ra/fsp/src/r_sci_uart/r_sci_uart.o
 .debug_abbrev  0x00000ef5      0x428 ./ra/fsp/src/r_ioport/r_ioport.o
 .debug_abbrev  0x0000131d      0x4aa ./ra/fsp/src/r_dtc/r_dtc.o
 .debug_abbrev  0x000017c7      0x355 ./ra/fsp/src/bsp/mcu/all/bsp_clocks.o
 .debug_abbrev  0x00001b1c      0x188 ./ra/fsp/src/bsp/mcu/all/bsp_common.o
 .debug_abbrev  0x00001ca4      0x111 ./ra/fsp/src/bsp/mcu/all/bsp_delay.o
 .debug_abbrev  0x00001db5      0x254 ./ra/fsp/src/bsp/mcu/all/bsp_group_irq.o
 .debug_abbrev  0x00002009       0x5e ./ra/fsp/src/bsp/mcu/all/bsp_io.o
 .debug_abbrev  0x00002067      0x251 ./ra/fsp/src/bsp/mcu/all/bsp_irq.o
 .debug_abbrev  0x000022b8      0x277 ./ra/fsp/src/bsp/mcu/all/bsp_register_protection.o
 .debug_abbrev  0x0000252f       0x4d ./ra/fsp/src/bsp/mcu/all/bsp_rom_registers.o
 .debug_abbrev  0x0000257c       0xe6 ./ra/fsp/src/bsp/cmsis/Device/RENESAS/Source/startup.o
 .debug_abbrev  0x00002662      0x279 ./ra/fsp/src/bsp/cmsis/Device/RENESAS/Source/system.o

.debug_loc      0x00000000     0x3503
 .debug_loc     0x00000000       0x55 ./src/hal_entry.o
 .debug_loc     0x00000055     0x1a07 ./ra/fsp/src/r_sci_uart/r_sci_uart.o
 .debug_loc     0x00001a5c      0xdfe ./ra/fsp/src/r_ioport/r_ioport.o
 .debug_loc     0x0000285a      0x585 ./ra/fsp/src/r_dtc/r_dtc.o
 .debug_loc     0x00002ddf      0x216 ./ra/fsp/src/bsp/mcu/all/bsp_clocks.o
 .debug_loc     0x00002ff5       0x22 ./ra/fsp/src/bsp/mcu/all/bsp_common.o
 .debug_loc     0x00003017      0x178 ./ra/fsp/src/bsp/mcu/all/bsp_delay.o
 .debug_loc     0x0000318f       0xaa ./ra/fsp/src/bsp/mcu/all/bsp_group_irq.o
 .debug_loc     0x00003239      0x121 ./ra/fsp/src/bsp/mcu/all/bsp_irq.o
 .debug_loc     0x0000335a      0x105 ./ra/fsp/src/bsp/mcu/all/bsp_register_protection.o
 .debug_loc     0x0000345f       0xa4 ./ra/fsp/src/bsp/cmsis/Device/RENESAS/Source/system.o

.debug_aranges  0x00000000      0x3e0
 .debug_aranges
                0x00000000       0x28 ./src/hal_entry.o
 .debug_aranges
                0x00000028       0x20 ./ra_gen/common_data.o
 .debug_aranges
                0x00000048       0x20 ./ra_gen/hal_data.o
 .debug_aranges
                0x00000068       0x20 ./ra_gen/main.o
 .debug_aranges
                0x00000088       0x18 ./ra_gen/pin_data.o
 .debug_aranges
                0x000000a0       0x18 ./ra_gen/vector_data.o
 .debug_aranges
                0x000000b8       0x90 ./ra/fsp/src/r_sci_uart/r_sci_uart.o
 .debug_aranges
                0x00000148       0x98 ./ra/fsp/src/r_ioport/r_ioport.o
 .debug_aranges
                0x000001e0       0x60 ./ra/fsp/src/r_dtc/r_dtc.o
 .debug_aranges
                0x00000240       0x58 ./ra/fsp/src/bsp/mcu/all/bsp_clocks.o
 .debug_aranges
                0x00000298       0x30 ./ra/fsp/src/bsp/mcu/all/bsp_common.o
 .debug_aranges
                0x000002c8       0x28 ./ra/fsp/src/bsp/mcu/all/bsp_delay.o
 .debug_aranges
                0x000002f0       0x28 ./ra/fsp/src/bsp/mcu/all/bsp_group_irq.o
 .debug_aranges
                0x00000318       0x18 ./ra/fsp/src/bsp/mcu/all/bsp_io.o
 .debug_aranges
                0x00000330       0x20 ./ra/fsp/src/bsp/mcu/all/bsp_irq.o
 .debug_aranges
                0x00000350       0x28 ./ra/fsp/src/bsp/mcu/all/bsp_register_protection.o
 .debug_aranges
                0x00000378       0x18 ./ra/fsp/src/bsp/mcu/all/bsp_rom_registers.o
 .debug_aranges
                0x00000390       0x28 ./ra/fsp/src/bsp/cmsis/Device/RENESAS/Source/startup.o
 .debug_aranges
                0x000003b8       0x28 ./ra/fsp/src/bsp/cmsis/Device/RENESAS/Source/system.o

.debug_ranges   0x00000000      0xcd0
 .debug_ranges  0x00000000       0x18 ./src/hal_entry.o
 .debug_ranges  0x00000018       0x10 ./ra_gen/common_data.o
 .debug_ranges  0x00000028       0x10 ./ra_gen/hal_data.o
 .debug_ranges  0x00000038       0x10 ./ra_gen/main.o
 .debug_ranges  0x00000048      0x748 ./ra/fsp/src/r_sci_uart/r_sci_uart.o
 .debug_ranges  0x00000790      0x160 ./ra/fsp/src/r_ioport/r_ioport.o
 .debug_ranges  0x000008f0      0x130 ./ra/fsp/src/r_dtc/r_dtc.o
 .debug_ranges  0x00000a20      0x140 ./ra/fsp/src/bsp/mcu/all/bsp_clocks.o
 .debug_ranges  0x00000b60       0x20 ./ra/fsp/src/bsp/mcu/all/bsp_common.o
 .debug_ranges  0x00000b80       0x18 ./ra/fsp/src/bsp/mcu/all/bsp_delay.o
 .debug_ranges  0x00000b98       0x58 ./ra/fsp/src/bsp/mcu/all/bsp_group_irq.o
 .debug_ranges  0x00000bf0       0x68 ./ra/fsp/src/bsp/mcu/all/bsp_irq.o
 .debug_ranges  0x00000c58       0x48 ./ra/fsp/src/bsp/mcu/all/bsp_register_protection.o
 .debug_ranges  0x00000ca0       0x18 ./ra/fsp/src/bsp/cmsis/Device/RENESAS/Source/startup.o
 .debug_ranges  0x00000cb8       0x18 ./ra/fsp/src/bsp/cmsis/Device/RENESAS/Source/system.o

.debug_line     0x00000000     0x5913
 .debug_line    0x00000000      0x44d ./src/hal_entry.o
 .debug_line    0x0000044d      0x2b7 ./ra_gen/common_data.o
 .debug_line    0x00000704      0x313 ./ra_gen/hal_data.o
 .debug_line    0x00000a17       0x5e ./ra_gen/main.o
 .debug_line    0x00000a75      0x1a6 ./ra_gen/pin_data.o
 .debug_line    0x00000c1b       0xe7 ./ra_gen/vector_data.o
 .debug_line    0x00000d02     0x18ed ./ra/fsp/src/r_sci_uart/r_sci_uart.o
 .debug_line    0x000025ef      0xbb3 ./ra/fsp/src/r_ioport/r_ioport.o
 .debug_line    0x000031a2      0x846 ./ra/fsp/src/r_dtc/r_dtc.o
 .debug_line    0x000039e8      0x71f ./ra/fsp/src/bsp/mcu/all/bsp_clocks.o
 .debug_line    0x00004107      0x258 ./ra/fsp/src/bsp/mcu/all/bsp_common.o
 .debug_line    0x0000435f      0x292 ./ra/fsp/src/bsp/mcu/all/bsp_delay.o
 .debug_line    0x000045f1      0x2de ./ra/fsp/src/bsp/mcu/all/bsp_group_irq.o
 .debug_line    0x000048cf      0x166 ./ra/fsp/src/bsp/mcu/all/bsp_io.o
 .debug_line    0x00004a35      0x405 ./ra/fsp/src/bsp/mcu/all/bsp_irq.o
 .debug_line    0x00004e3a      0x38d ./ra/fsp/src/bsp/mcu/all/bsp_register_protection.o
 .debug_line    0x000051c7      0x121 ./ra/fsp/src/bsp/mcu/all/bsp_rom_registers.o
 .debug_line    0x000052e8      0x1ea ./ra/fsp/src/bsp/cmsis/Device/RENESAS/Source/startup.o
 .debug_line    0x000054d2      0x441 ./ra/fsp/src/bsp/cmsis/Device/RENESAS/Source/system.o

.debug_str      0x00000000     0x9f9f
 .debug_str     0x00000000     0x4163 ./src/hal_entry.o
                               0x429f (size before relaxing)
 .debug_str     0x00004163       0x39 ./ra_gen/common_data.o
                               0x3251 (size before relaxing)
 .debug_str     0x0000419c      0x682 ./ra_gen/hal_data.o
                               0x438a (size before relaxing)
 .debug_str     0x0000481e       0x16 ./ra_gen/main.o
                                0x1ba (size before relaxing)
 .debug_str     0x00004834      0x5d6 ./ra_gen/pin_data.o
                               0x1cd0 (size before relaxing)
 .debug_str     0x00004e0a     0x149e ./ra_gen/vector_data.o
                               0x1638 (size before relaxing)
 .debug_str     0x000062a8     0x2172 ./ra/fsp/src/r_sci_uart/r_sci_uart.o
                               0x648c (size before relaxing)
 .debug_str     0x0000841a      0x8ac ./ra/fsp/src/r_ioport/r_ioport.o
                               0x54e4 (size before relaxing)
 .debug_str     0x00008cc6      0x1cb ./ra/fsp/src/r_dtc/r_dtc.o
                               0x28d0 (size before relaxing)
 .debug_str     0x00008e91      0x673 ./ra/fsp/src/bsp/mcu/all/bsp_clocks.o
                               0x1f41 (size before relaxing)
 .debug_str     0x00009504      0x10b ./ra/fsp/src/bsp/mcu/all/bsp_common.o
                               0x1a63 (size before relaxing)
 .debug_str     0x0000960f       0x9e ./ra/fsp/src/bsp/mcu/all/bsp_delay.o
                                0x2e9 (size before relaxing)
 .debug_str     0x000096ad      0x1de ./ra/fsp/src/bsp/mcu/all/bsp_group_irq.o
                               0x1f6e (size before relaxing)
 .debug_str     0x0000988b       0x23 ./ra/fsp/src/bsp/mcu/all/bsp_io.o
                                0x1e9 (size before relaxing)
 .debug_str     0x000098ae      0x2d9 ./ra/fsp/src/bsp/mcu/all/bsp_irq.o
                               0x1e52 (size before relaxing)
 .debug_str     0x00009b87       0x88 ./ra/fsp/src/bsp/mcu/all/bsp_register_protection.o
                               0x18eb (size before relaxing)
 .debug_str     0x00009c0f      0x14b ./ra/fsp/src/bsp/mcu/all/bsp_rom_registers.o
                                0x2f9 (size before relaxing)
 .debug_str     0x00009d5a       0x82 ./ra/fsp/src/bsp/cmsis/Device/RENESAS/Source/startup.o
                                0x233 (size before relaxing)
 .debug_str     0x00009ddc      0x1c3 ./ra/fsp/src/bsp/cmsis/Device/RENESAS/Source/system.o
                                0x622 (size before relaxing)

.debug_frame    0x00000000      0x7dc
 .debug_frame   0x00000000       0x40 ./src/hal_entry.o
 .debug_frame   0x00000040       0x20 ./ra_gen/common_data.o
 .debug_frame   0x00000060       0x20 ./ra_gen/hal_data.o
 .debug_frame   0x00000080       0x28 ./ra_gen/main.o
 .debug_frame   0x000000a8      0x200 ./ra/fsp/src/r_sci_uart/r_sci_uart.o
 .debug_frame   0x000002a8      0x18c ./ra/fsp/src/r_ioport/r_ioport.o
 .debug_frame   0x00000434       0xf8 ./ra/fsp/src/r_dtc/r_dtc.o
 .debug_frame   0x0000052c       0xb4 ./ra/fsp/src/bsp/mcu/all/bsp_clocks.o
 .debug_frame   0x000005e0       0x40 ./ra/fsp/src/bsp/mcu/all/bsp_common.o
 .debug_frame   0x00000620       0x44 ./ra/fsp/src/bsp/mcu/all/bsp_delay.o
 .debug_frame   0x00000664       0x3c ./ra/fsp/src/bsp/mcu/all/bsp_group_irq.o
 .debug_frame   0x000006a0       0x30 ./ra/fsp/src/bsp/mcu/all/bsp_irq.o
 .debug_frame   0x000006d0       0x48 ./ra/fsp/src/bsp/mcu/all/bsp_register_protection.o
 .debug_frame   0x00000718       0x38 ./ra/fsp/src/bsp/cmsis/Device/RENESAS/Source/startup.o
 .debug_frame   0x00000750       0x44 ./ra/fsp/src/bsp/cmsis/Device/RENESAS/Source/system.o
 .debug_frame   0x00000794       0x28 c:/program files (x86)/gnu arm embedded toolchain/10 2021.10/bin/../lib/gcc/arm-none-eabi/10.3.1/../../../../arm-none-eabi/lib/thumb/v8-m.main+fp/hard\libg_nano.a(lib_a-memcpy-stub.o)
 .debug_frame   0x000007bc       0x20 c:/program files (x86)/gnu arm embedded toolchain/10 2021.10/bin/../lib/gcc/arm-none-eabi/10.3.1/../../../../arm-none-eabi/lib/thumb/v8-m.main+fp/hard\libg_nano.a(lib_a-memset.o)
